friendly_name: New profiles - Focus Android (Aggregated)
description: |-
  New profiles (Focus Android) aggregated metrics

owners:
  - mozilla/kpi_table_reviewers
  - kik@mozilla.com
labels:
  schedule: daily
  incremental: true
scheduling:
  dag_name: bqetl_mobile_kpi_metrics
  depends_on_past: false
  task_group: focus_android
bigquery:
  time_partitioning:
    type: day
    field: first_seen_date
    require_partition_filter: false
  clustering:
    fields:
      - normalized_channel
      - country
monitoring:
  enabled: true
  collection: Browser Metrics (non-KPI)
